// Jest Snapshot v1, https://goo.gl/fbAQLP

exports[`Unauthorized should display Unauthorized screen 1`] = `
<DocumentFragment>
  <div
    class="block text-center m-5 undefined"
  >
    <div
      class="centered inline-block w-80 py-2.5 px-4 bg-neutral-100"
    >
      <h1>
        Unauthorized (401)
      </h1>
      <p>
        Through a series of highly sophisticated and complex algorithms, this system has determined that you are not presently authorized to use this system feature
      </p>
    </div>
  </div>
</DocumentFragment>
`;
